------------------------------------------------------------------------------------------------------------------------
      name:  <unnamed>
       log:  E:\Dropbox\@Projects_Active\MGMT_source\data\ManSci\replication_package\analysis_test\programs\CSS_analysis
> _plant_panel_24_Nov_2020.log
  log type:  text
 opened on:  24 Nov 2020, 19:17:31

. 
. /* install any packages locally */
. sysdir set PERSONAL "$adobase/ado/personal"

. sysdir set PLUS     "$adobase/ado/plus"

. sysdir set SITE     "$adobase/ado/site"

. 
. /* See https://www.stata.com/manuals13/pcreturn.pdf#pcreturn */
. local variant = cond(c(MP),"MP",cond(c(SE),"SE",c(flavor)) )  

. 
. di "=== SYSTEM DIAGNOSTICS ==="
=== SYSTEM DIAGNOSTICS ===

. di "Stata version: `c(stata_version)'"
Stata version: 15.1

. di "Updated as of: `c(born_date)'"
Updated as of: 03 Feb 2020

. di "Variant:       `variant'"
Variant:       MP

. di "Processors:    `c(processors)'"
Processors:    4

. di "OS:            `c(os)' `c(osdtl)'"
OS:            Windows 64-bit

. di "Machine type:  `c(machine_type)'"
Machine type:  PC (64-bit x86-64)

. di "=========================="
==========================

. 
end of do-file

. 
. pause on

. set more off

. set linesize 120                                                                                                      
>  

. 
. /* %*************************************************************************** */
. use "${inpath}/WMS_plantyear_with_RAIS.dta", clear

. 
. 
. global ops "lean1 lean2 perf1 perf2 perf3 perf4 perf5 perf6 perf7 perf8 perf9 perf10"

. global talent "ztalent1 ztalent2 ztalent3 ztalent4 ztalent5 ztalent6"

. global ctrl_jole i.region i.year i.own_cat lfirmage female_share i.compet_cat mis_competition c.AKM_coverage##c.AKM_co
> verage##c.AKM_coverage

. global noise i.year

. 
. *-----------------------------------------------------------------
. * EXHIBIT: WORKER/MANAGER FE X MANAGEMENT
. *-----------------------------------------------------------------
. 
. 
. gen zops = zoperations
(181 missing values generated)

. 
. areg zpe_lab ${talent}  zops  lemp ${ctrl_jole}, cluster(cnpj) ab(sic2)

Linear regression, absorbing indicators         Number of obs     =        958
Absorbed variable: sic2                         No. of categories =         20
                                                F(  26,    691)   =      14.26
                                                Prob > F          =     0.0000
                                                R-squared         =     0.4016
                                                Adj R-squared     =     0.3720
                                                Root MSE          =     0.7934

                                                                 (Std. Err. adjusted for 692 clusters in cnpj)
--------------------------------------------------------------------------------------------------------------
                                             |               Robust
                                     zpe_lab |      Coef.   Std. Err.      t    P>|t|     [95% Conf. Interval]
---------------------------------------------+----------------------------------------------------------------
                                    ztalent1 |    .038955    .033855     1.15   0.250    -.0275161    .1054261
                                    ztalent2 |   .0618779   .0260825     2.37   0.018     .0106674    .1130884
                                    ztalent3 |  -.0616142   .0325487    -1.89   0.059    -.1255204     .002292
                                    ztalent4 |   .0409388   .0351822     1.16   0.245     -.028138    .1100157
                                    ztalent5 |   .0365074   .0367295     0.99   0.321    -.0356075    .1086223
                                    ztalent6 |  -.0094109   .0311542    -0.30   0.763    -.0705791    .0517574
                                        zops |   .0348022   .0376278     0.92   0.355    -.0390764    .1086808
                                        lemp |   .0686229   .0356476     1.93   0.055    -.0013676    .1386134
                                             |
                                      region |
                                          2  |   .2680193     .15482     1.73   0.084    -.0359548    .5719934
                                          3  |   .7563915   .1278554     5.92   0.000     .5053598    1.007423
                                          4  |   .7982156   .1280144     6.24   0.000     .5468718    1.049559
                                          5  |   .4253946   .1574652     2.70   0.007     .1162269    .7345623
                                             |
                                        year |
                                       2013  |   .4455743   .0869086     5.13   0.000     .2749377    .6162109
                                             |
                                     own_cat |
                                          2  |   .0092579   .0648338     0.14   0.886     -.118037    .1365529
                                          3  |   .0151972   .1632255     0.09   0.926    -.3052802    .3356747
                                          4  |   .1494908   .0837594     1.78   0.075    -.0149626    .3139442
                                          5  |   .3945341   .1673116     2.36   0.019      .066034    .7230343
                                          6  |   .8044217   .6167844     1.30   0.193    -.4065747    2.015418
                                             |
                                    lfirmage |   .1762752   .0491102     3.59   0.000     .0798521    .2726984
                                female_share |  -.0045205   .0024819    -1.82   0.069    -.0093934    .0003525
                                             |
                                  compet_cat |
                                          2  |   .0273894   .2692699     0.10   0.919     -.501296    .5560747
                                          3  |   .0257329    .267909     0.10   0.924    -.5002804    .5517462
                                             |
                             mis_competition |   .3698934    .195605     1.89   0.059    -.0141581    .7539448
                                AKM_coverage |   3.185913    5.62087     0.57   0.571     -7.85012    14.22195
                                             |
               c.AKM_coverage#c.AKM_coverage |  -7.874287    8.65615    -0.91   0.363     -24.8698    9.121224
                                             |
c.AKM_coverage#c.AKM_coverage#c.AKM_coverage |   6.673964   4.414846     1.51   0.131    -1.994158    15.34208
                                             |
                                       _cons |   -2.94779   1.311713    -2.25   0.025    -5.523212    -.372369
--------------------------------------------------------------------------------------------------------------

. gen sample=e(sample)

. 
. preserve

. keep if sample==1
(187 observations deleted)

. 
. factor ${ops} ${talent},  ml
(obs=957)
number of factors adjusted to 12
Iteration 0:   log likelihood = -148.84094
Iteration 1:   log likelihood = -7.9963585
Iteration 2:   log likelihood = -2.8155319
Iteration 3:   log likelihood = -1.9726048
Iteration 4:   log likelihood = -1.4698373
Iteration 5:   log likelihood = -1.1710454
Iteration 6:   log likelihood = -.68157408
Iteration 7:   log likelihood = -.59507043
Iteration 8:   log likelihood = -.56042545
Iteration 9:   log likelihood = -.53956308
Iteration 10:  log likelihood = -.52479373
Iteration 11:  log likelihood = -.51416859
Iteration 12:  log likelihood = -.50601625
Iteration 13:  log likelihood = -.49990241
Iteration 14:  log likelihood = -.49506458
Iteration 15:  log likelihood = -.49130711
Iteration 16:  log likelihood = -.48823958
Iteration 17:  log likelihood = -.48577018
Iteration 18:  log likelihood = -.47189599
Iteration 19:  log likelihood = -.45547534
Iteration 20:  log likelihood = -.43425643
Iteration 21:  log likelihood = -.40804773
Iteration 22:  log likelihood = -.40633739
Iteration 23:  log likelihood = -.40621811
Iteration 24:  log likelihood = -.40620021
Iteration 25:  log likelihood = -.40619743

number of factors adjusted to 11
Iteration 0:   log likelihood = -154.95801
Iteration 1:   log likelihood = -27.300133
Iteration 2:   log likelihood = -3.5384541
Iteration 3:   log likelihood = -3.2553006
Iteration 4:   log likelihood = -2.5585443
Iteration 5:   log likelihood = -2.1796038
Iteration 6:   log likelihood = -1.6120913
Iteration 7:   log likelihood = -1.3284342
Iteration 8:   log likelihood =  -1.282278
Iteration 9:   log likelihood = -1.1531486
Iteration 10:  log likelihood = -1.1278721
Iteration 11:  log likelihood = -1.1051005
Iteration 12:  log likelihood = -1.0525827
Iteration 13:  log likelihood = -1.0357255
Iteration 14:  log likelihood = -.79065611
Iteration 15:  log likelihood = -.77815445
Iteration 16:  log likelihood = -.77756807
Iteration 17:  log likelihood = -.77748783
Iteration 18:  log likelihood = -.77747622
Iteration 19:  log likelihood = -.77747454
Iteration 20:  log likelihood =  -.7774743
Iteration 21:  log likelihood = -.77747426
Iteration 22:  log likelihood = -.77747426
Iteration 23:  log likelihood = -.77747426

Factor analysis/correlation                      Number of obs    =        957
    Method: maximum likelihood                   Retained factors =         11
    Rotation: (unrotated)                        Number of params =        143
                                                 Schwarz's BIC    =    983.079
    Log likelihood = -.7774743                   (Akaike's) AIC   =    287.555

    Beware: solution is a Heywood case
            (i.e., invalid or boundary values of uniqueness)

    --------------------------------------------------------------------------
         Factor  |   Eigenvalue   Difference        Proportion   Cumulative
    -------------+------------------------------------------------------------
        Factor1  |      5.70047      3.94612            0.4488       0.4488
        Factor2  |      1.75435      0.98324            0.1381       0.5870
        Factor3  |      0.77111      0.01339            0.0607       0.6477
        Factor4  |      0.75772     -0.22367            0.0597       0.7074
        Factor5  |      0.98139     -0.10032            0.0773       0.7846
        Factor6  |      1.08171      0.45850            0.0852       0.8698
        Factor7  |      0.62321      0.23106            0.0491       0.9189
        Factor8  |      0.39215      0.13267            0.0309       0.9498
        Factor9  |      0.25948     -0.00592            0.0204       0.9702
       Factor10  |      0.26540      0.15213            0.0209       0.9911
       Factor11  |      0.11327            .            0.0089       1.0000
    --------------------------------------------------------------------------
    LR test: independent vs. saturated: chi2(153) = 8538.94 Prob>chi2 = 0.0000
    LR test:  11 factors vs. saturated:  chi2(10) =    1.53 Prob>chi2 = 0.9988
    (tests formally not valid because a Heywood case was encountered)

Factor loadings (pattern matrix) and unique variances

    ------------------------------------------------------------------------------------------------------------------
        Variable |  Factor1   Factor2   Factor3   Factor4   Factor5   Factor6   Factor7   Factor8   Factor9  Factor10 
    -------------+----------------------------------------------------------------------------------------------------
           lean1 |   0.5562    0.2331    0.1014    0.1115    0.2122    0.6329   -0.1489   -0.0032   -0.0376    0.0219 
           lean2 |   0.4883    0.1695    0.0547    0.0762    0.2086    0.6191   -0.1539    0.0027   -0.0465   -0.0494 
           perf1 |   0.6267    0.1381    0.0352    0.1253    0.1333    0.3269    0.0494    0.0304    0.0561    0.0893 
           perf2 |   0.9907   -0.1205   -0.0283   -0.0561   -0.0000   -0.0000   -0.0000   -0.0000   -0.0000   -0.0000 
           perf3 |   0.6877    0.1280   -0.0169    0.2120    0.1435    0.1304    0.1081   -0.0673    0.3069    0.0573 
           perf4 |   0.6839    0.2024   -0.0087    0.2082    0.1939    0.1493    0.0946   -0.0401    0.3576   -0.0331 
           perf5 |   0.6705    0.3104   -0.0148    0.6737   -0.0000   -0.0000   -0.0000   -0.0000   -0.0000   -0.0000 
           perf6 |   0.5335    0.2641   -0.0146    0.1026    0.1525    0.0576    0.2213    0.3686   -0.0127   -0.0135 
           perf7 |   0.5778    0.2501    0.0398    0.1505    0.2310    0.1310    0.2564    0.3895   -0.0089   -0.0881 
           perf8 |   0.5093    0.2133    0.0532    0.1350    0.2955    0.1177    0.1303    0.0749    0.0413   -0.0657 
           perf9 |   0.5277    0.2064    0.0390    0.1526    0.7714   -0.1179   -0.0287   -0.0193   -0.0152    0.0003 
          perf10 |   0.4756    0.2051    0.1167    0.0667    0.1430   -0.0000    0.0740    0.1037   -0.0086    0.0844 
        ztalent1 |   0.4711    0.3044    0.0481    0.1021    0.1062    0.2396    0.4937   -0.2744   -0.1196   -0.1465 
        ztalent2 |   0.4707    0.5945    0.6306   -0.1656   -0.0000   -0.0000   -0.0000   -0.0000    0.0000   -0.0000 
        ztalent3 |   0.3276    0.1625   -0.0346    0.0939    0.0684   -0.0025    0.1187    0.0081   -0.0807    0.2057 
        ztalent4 |   0.4356    0.2891    0.0596    0.0760    0.0951    0.1175    0.2998   -0.0529   -0.0589    0.3849 
        ztalent5 |   0.4453    0.3227    0.0020    0.0767    0.1117    0.1797    0.2620    0.0508   -0.0643    0.1372 
        ztalent6 |   0.2585    0.7493   -0.5751   -0.2025   -0.0000   -0.0000   -0.0000   -0.0000   -0.0000   -0.0000 
    ------------------------------------------------------------------------------------------------------------------

    ---------------------------------------
        Variable | Factor11 |   Uniqueness 
    -------------+----------+--------------
           lean1 |  -0.0511 |      0.1413  
           lean2 |   0.0917 |      0.2606  
           perf1 |   0.0278 |      0.4313  
           perf2 |  -0.0000 |      0.0000  
           perf3 |   0.0487 |      0.3118  
           perf4 |  -0.0175 |      0.2482  
           perf5 |  -0.0000 |      0.0000  
           perf6 |   0.0150 |      0.4229  
           perf7 |  -0.0063 |      0.2836  
           perf8 |  -0.0164 |      0.5440  
           perf9 |   0.0002 |      0.0438  
          perf10 |  -0.1091 |      0.6579  
        ztalent1 |  -0.0025 |      0.2492  
        ztalent2 |   0.0000 |      0.0000  
        ztalent3 |   0.2803 |      0.7100  
        ztalent4 |  -0.0825 |      0.4434  
        ztalent5 |   0.0313 |      0.5518  
        ztalent6 |  -0.0000 |      0.0000  
    ---------------------------------------

. predict f1 f2 f3
(regression scoring assumed)

Scoring coefficients (method = regression)

    ------------------------------------------------------------------------------------------------------------------
        Variable |  Factor1   Factor2   Factor3   Factor4   Factor5   Factor6   Factor7   Factor8   Factor9  Factor10 
    -------------+----------------------------------------------------------------------------------------------------
           lean1 |  0.00000   0.00000   0.00000   0.00000   0.09458   0.69666  -0.34469  -0.01019  -0.13763   0.09647 
           lean2 |  0.00000   0.00000   0.00000   0.00000   0.05043   0.36954  -0.19311   0.00471  -0.09234  -0.11809 
           perf1 |  0.00000   0.00000   0.00000   0.00000   0.01947   0.11790   0.03744   0.03165   0.06725   0.12892 
           perf2 |  0.89152  -0.63852  -0.22052  -0.59800  -0.37868  -0.35259  -0.21960  -0.10644  -0.33139  -0.07723 
           perf3 |  0.00000   0.00000  -0.00000   0.00000   0.02900   0.06504   0.11343  -0.09685   0.50893   0.11429 
           perf4 |  0.00000   0.00000  -0.00000   0.00000   0.04921   0.09359   0.12471  -0.07249   0.74505  -0.08312 
           perf5 |  0.10486   0.28574  -0.02005   1.24788  -0.45597  -0.31636  -0.34211  -0.07992  -0.28355  -0.07052 
           perf6 |  0.00000   0.00000  -0.00000   0.00000   0.02272   0.02118   0.17112   0.39122  -0.01556  -0.01991 
           perf7 |  0.00000   0.00000   0.00000   0.00000   0.05133   0.07185   0.29566   0.61649  -0.01615  -0.19335 
           perf8 |  0.00000   0.00000   0.00000   0.00000   0.03422   0.03365   0.07836   0.06178   0.03929  -0.07520 
           perf9 |  0.00000   0.00001   0.00000   0.00001   1.11064  -0.41907  -0.21487  -0.19827  -0.18007   0.00397 
          perf10 |  0.00000   0.00000   0.00000   0.00000   0.01369  -0.00001   0.03676   0.07072  -0.00673   0.07989 
        ztalent1 |  0.00000   0.00000   0.00000   0.00000   0.02684   0.14950   0.64775  -0.49424  -0.24804  -0.36586 
        ztalent2 |  0.07754   0.57651   0.89966  -0.32299  -0.23343  -0.26010  -0.20645  -0.04193   0.05877  -0.06976 
        ztalent3 |  0.00000   0.00000  -0.00000   0.00000   0.00607  -0.00055   0.05469   0.00513  -0.05877   0.18033 
        ztalent4 |  0.00000   0.00000   0.00000   0.00000   0.01351   0.04123   0.22113  -0.05359  -0.06864   0.54021 
        ztalent5 |  0.00000   0.00000   0.00000   0.00000   0.01275   0.05065   0.15526   0.04133  -0.06027   0.15479 
        ztalent6 |  0.03846   0.65616  -0.74098  -0.35683  -0.11702  -0.10167  -0.19824  -0.04179  -0.00229  -0.04758 
    ------------------------------------------------------------------------------------------------------------------

    ------------------------
        Variable | Factor11 
    -------------+----------
           lean1 | -0.29898 
           lean2 |  0.29108 
           perf1 |  0.05335 
           perf2 | -0.04941 
           perf3 |  0.12933 
           perf4 | -0.05851 
           perf5 | -0.02704 
           perf6 |  0.02941 
           perf7 | -0.01833 
           perf8 | -0.02487 
           perf9 |  0.00392 
          perf10 | -0.13723 
        ztalent1 | -0.00819 
        ztalent2 |  0.06077 
        ztalent3 |  0.32670 
        ztalent4 | -0.15404 
        ztalent5 |  0.04695 
        ztalent6 | -0.02293 
    ------------------------


. scoreplot

. 
. 
. eststo l1: areg zpe_lab zpeople    zops lemp            ${noise}, cluster(cnpj) ab(sic2)

Linear regression, absorbing indicators         Number of obs     =        958
Absorbed variable: sic2                         No. of categories =         20
                                                F(   4,    691)   =      10.79
                                                Prob > F          =     0.0000
                                                R-squared         =     0.1822
                                                Adj R-squared     =     0.1621
                                                Root MSE          =     0.9165

                                 (Std. Err. adjusted for 692 clusters in cnpj)
------------------------------------------------------------------------------
             |               Robust
     zpe_lab |      Coef.   Std. Err.      t    P>|t|     [95% Conf. Interval]
-------------+----------------------------------------------------------------
     zpeople |   .0712313    .039248     1.81   0.070    -.0058283    .1482909
        zops |   .0970191   .0403036     2.41   0.016     .0178869    .1761513
        lemp |    .085708   .0426309     2.01   0.045     .0020064    .1694096
             |
        year |
       2013  |  -.1837324   .0436166    -4.21   0.000    -.2693694   -.0980953
             |
       _cons |  -.4091041   .2409575    -1.70   0.090    -.8822007    .0639926
------------------------------------------------------------------------------

. eststo l2: areg zpe_lab zpeople    zops lemp ${ctrl_jole}, cluster(cnpj) ab(sic2)

Linear regression, absorbing indicators         Number of obs     =        958
Absorbed variable: sic2                         No. of categories =         20
                                                F(  21,    691)   =      17.79
                                                Prob > F          =     0.0000
                                                R-squared         =     0.3937
                                                Adj R-squared     =     0.3673
                                                Root MSE          =     0.7964

                                                                 (Std. Err. adjusted for 692 clusters in cnpj)
--------------------------------------------------------------------------------------------------------------
                                             |               Robust
                                     zpe_lab |      Coef.   Std. Err.      t    P>|t|     [95% Conf. Interval]
---------------------------------------------+----------------------------------------------------------------
                                     zpeople |    .074117   .0347693     2.13   0.033     .0058508    .1423831
                                        zops |   .0472133   .0359835     1.31   0.190    -.0234367    .1178634
                                        lemp |   .0788535   .0358337     2.20   0.028     .0084976    .1492095
                                             |
                                      region |
                                          2  |   .2736297   .1540168     1.78   0.076    -.0287674    .5760268
                                          3  |   .7469976    .124819     5.98   0.000     .5019277    .9920675
                                          4  |   .8111352   .1253578     6.47   0.000     .5650073    1.057263
                                          5  |   .4274628   .1567169     2.73   0.007     .1197643    .7351612
                                             |
                                        year |
                                       2013  |   .4564389   .0878069     5.20   0.000     .2840386    .6288392
                                             |
                                     own_cat |
                                          2  |   .0041086   .0641848     0.06   0.949    -.1219121    .1301292
                                          3  |  -.0125021   .1557061    -0.08   0.936     -.318216    .2932118
                                          4  |   .1643658   .0830271     1.98   0.048     .0013502    .3273813
                                          5  |   .4055442   .1763745     2.30   0.022     .0592499    .7518385
                                          6  |   .8639956   .6661456     1.30   0.195    -.4439166    2.171908
                                             |
                                    lfirmage |   .1752948   .0485912     3.61   0.000     .0798907    .2706989
                                female_share |  -.0045251   .0025075    -1.80   0.072    -.0094484    .0003981
                                             |
                                  compet_cat |
                                          2  |   .0745469   .2822616     0.26   0.792    -.4796464    .6287403
                                          3  |   .0773529   .2809138     0.28   0.783    -.4741941    .6288998
                                             |
                             mis_competition |   .3965276   .1855936     2.14   0.033     .0321326    .7609227
                                AKM_coverage |   2.899477   5.455799     0.53   0.595    -7.812455    13.61141
                                             |
               c.AKM_coverage#c.AKM_coverage |  -7.398621   8.435366    -0.88   0.381    -23.96064    9.163401
                                             |
c.AKM_coverage#c.AKM_coverage#c.AKM_coverage |   6.420094    4.32244     1.49   0.138    -2.066598    14.90679
                                             |
                                       _cons |   -3.00448   1.260476    -2.38   0.017    -5.479303   -.5296578
--------------------------------------------------------------------------------------------------------------

. eststo l3: areg zpe_lab ${talent}  zops lemp            ${noise}, cluster(cnpj) ab(sic2)

Linear regression, absorbing indicators         Number of obs     =        958
Absorbed variable: sic2                         No. of categories =         20
                                                F(   9,    691)   =       5.41
                                                Prob > F          =     0.0000
                                                R-squared         =     0.1912
                                                Adj R-squared     =     0.1669
                                                Root MSE          =     0.9139

                                 (Std. Err. adjusted for 692 clusters in cnpj)
------------------------------------------------------------------------------
             |               Robust
     zpe_lab |      Coef.   Std. Err.      t    P>|t|     [95% Conf. Interval]
-------------+----------------------------------------------------------------
    ztalent1 |   .0578721   .0371706     1.56   0.120    -.0151088    .1308531
    ztalent2 |   .0387888   .0304842     1.27   0.204     -.021064    .0986416
    ztalent3 |  -.0592631   .0375258    -1.58   0.115    -.1329413    .0144151
    ztalent4 |   .0082754   .0398019     0.21   0.835    -.0698718    .0864226
    ztalent5 |   .0758522   .0439306     1.73   0.085    -.0104014    .1621057
    ztalent6 |  -.0187957   .0352517    -0.53   0.594     -.088009    .0504177
        zops |   .0800762   .0422933     1.89   0.059    -.0029625     .163115
        lemp |   .0717489   .0424954     1.69   0.092    -.0116867    .1551845
             |
        year |
       2013  |  -.1981077   .0459703    -4.31   0.000    -.2883659   -.1078495
             |
       _cons |  -.3203475   .2428607    -1.32   0.188    -.7971809    .1564859
------------------------------------------------------------------------------

. eststo l4: areg zpe_lab ${talent}  zops lemp ${ctrl_jole}, cluster(cnpj) ab(sic2)

Linear regression, absorbing indicators         Number of obs     =        958
Absorbed variable: sic2                         No. of categories =         20
                                                F(  26,    691)   =      14.26
                                                Prob > F          =     0.0000
                                                R-squared         =     0.4016
                                                Adj R-squared     =     0.3720
                                                Root MSE          =     0.7934

                                                                 (Std. Err. adjusted for 692 clusters in cnpj)
--------------------------------------------------------------------------------------------------------------
                                             |               Robust
                                     zpe_lab |      Coef.   Std. Err.      t    P>|t|     [95% Conf. Interval]
---------------------------------------------+----------------------------------------------------------------
                                    ztalent1 |    .038955    .033855     1.15   0.250    -.0275161    .1054261
                                    ztalent2 |   .0618779   .0260825     2.37   0.018     .0106674    .1130884
                                    ztalent3 |  -.0616142   .0325487    -1.89   0.059    -.1255204     .002292
                                    ztalent4 |   .0409388   .0351822     1.16   0.245     -.028138    .1100157
                                    ztalent5 |   .0365074   .0367295     0.99   0.321    -.0356075    .1086223
                                    ztalent6 |  -.0094109   .0311542    -0.30   0.763    -.0705791    .0517574
                                        zops |   .0348022   .0376278     0.92   0.355    -.0390764    .1086808
                                        lemp |   .0686229   .0356476     1.93   0.055    -.0013676    .1386134
                                             |
                                      region |
                                          2  |   .2680193     .15482     1.73   0.084    -.0359548    .5719934
                                          3  |   .7563915   .1278554     5.92   0.000     .5053598    1.007423
                                          4  |   .7982156   .1280144     6.24   0.000     .5468718    1.049559
                                          5  |   .4253946   .1574652     2.70   0.007     .1162269    .7345623
                                             |
                                        year |
                                       2013  |   .4455743   .0869086     5.13   0.000     .2749377    .6162109
                                             |
                                     own_cat |
                                          2  |   .0092579   .0648338     0.14   0.886     -.118037    .1365529
                                          3  |   .0151972   .1632255     0.09   0.926    -.3052802    .3356747
                                          4  |   .1494908   .0837594     1.78   0.075    -.0149626    .3139442
                                          5  |   .3945341   .1673116     2.36   0.019      .066034    .7230343
                                          6  |   .8044217   .6167844     1.30   0.193    -.4065747    2.015418
                                             |
                                    lfirmage |   .1762752   .0491102     3.59   0.000     .0798521    .2726984
                                female_share |  -.0045205   .0024819    -1.82   0.069    -.0093934    .0003525
                                             |
                                  compet_cat |
                                          2  |   .0273894   .2692699     0.10   0.919     -.501296    .5560747
                                          3  |   .0257329    .267909     0.10   0.924    -.5002804    .5517462
                                             |
                             mis_competition |   .3698934    .195605     1.89   0.059    -.0141581    .7539448
                                AKM_coverage |   3.185913    5.62087     0.57   0.571     -7.85012    14.22195
                                             |
               c.AKM_coverage#c.AKM_coverage |  -7.874287    8.65615    -0.91   0.363     -24.8698    9.121224
                                             |
c.AKM_coverage#c.AKM_coverage#c.AKM_coverage |   6.673964   4.414846     1.51   0.131    -1.994158    15.34208
                                             |
                                       _cons |   -2.94779   1.311713    -2.25   0.025    -5.523212    -.372369
--------------------------------------------------------------------------------------------------------------

. *eststo l4: areg zpe_labr f1 f2 f3 lemp ${ctrl_f}       ${noise}, cluster(cnpj) ab(sic2)
. 
. eststo m1: areg zpe_mngr zpeople    zops  lemp          ${noise}, cluster(cnpj) ab(sic2)

Linear regression, absorbing indicators         Number of obs     =        958
Absorbed variable: sic2                         No. of categories =         20
                                                F(   4,    691)   =      47.93
                                                Prob > F          =     0.0000
                                                R-squared         =     0.2817
                                                Adj R-squared     =     0.2640
                                                Root MSE          =     0.8578

                                 (Std. Err. adjusted for 692 clusters in cnpj)
------------------------------------------------------------------------------
             |               Robust
    zpe_mngr |      Coef.   Std. Err.      t    P>|t|     [95% Conf. Interval]
-------------+----------------------------------------------------------------
     zpeople |     .01643   .0340061     0.48   0.629    -.0503378    .0831977
        zops |   .1063277   .0341186     3.12   0.002     .0393392    .1733163
        lemp |   .1911137   .0337527     5.66   0.000     .1248436    .2573838
             |
        year |
       2013  |  -.4830733   .0455888   -10.60   0.000    -.5725824   -.3935642
             |
       _cons |  -.8793461   .2035598    -4.32   0.000    -1.279016   -.4796762
------------------------------------------------------------------------------

. eststo m2: areg zpe_mngr zpeople    zops  lemp ${ctrl_jole}, cluster(cnpj) ab(sic2)

Linear regression, absorbing indicators         Number of obs     =        958
Absorbed variable: sic2                         No. of categories =         20
                                                F(  21,    691)   =      20.77
                                                Prob > F          =     0.0000
                                                R-squared         =     0.3922
                                                Adj R-squared     =     0.3657
                                                Root MSE          =     0.7964

                                                                 (Std. Err. adjusted for 692 clusters in cnpj)
--------------------------------------------------------------------------------------------------------------
                                             |               Robust
                                    zpe_mngr |      Coef.   Std. Err.      t    P>|t|     [95% Conf. Interval]
---------------------------------------------+----------------------------------------------------------------
                                     zpeople |   .0109611   .0319607     0.34   0.732    -.0517906    .0737128
                                        zops |   .0826413   .0320124     2.58   0.010      .019788    .1454946
                                        lemp |   .1595528   .0312504     5.11   0.000     .0981958    .2209099
                                             |
                                      region |
                                          2  |   .1644972   .1780859     0.92   0.356    -.1851571    .5141515
                                          3  |   .4044001    .155026     2.61   0.009     .1000215    .7087787
                                          4  |   .5142728   .1584761     3.25   0.001     .2031203    .8254253
                                          5  |   .1657029    .195113     0.85   0.396    -.2173825    .5487883
                                             |
                                        year |
                                       2013  |  -.1177527   .0920131    -1.28   0.201    -.2984114     .062906
                                             |
                                     own_cat |
                                          2  |  -.0333087   .0643516    -0.52   0.605    -.1596569    .0930396
                                          3  |   .0571338   .2244972     0.25   0.799    -.3836446    .4979123
                                          4  |   .2294548   .0775928     2.96   0.003      .077109    .3818007
                                          5  |   .2834203   .1326501     2.14   0.033     .0229746     .543866
                                          6  |   1.702966   .3048796     5.59   0.000     1.104365    2.301568
                                             |
                                    lfirmage |   .1476699   .0439257     3.36   0.001     .0614261    .2339137
                                female_share |  -.0033815   .0017478    -1.93   0.053    -.0068131    .0000501
                                             |
                                  compet_cat |
                                          2  |  -.8111392   .5116682    -1.59   0.113     -1.81575    .1934715
                                          3  |  -.8928419   .5097739    -1.75   0.080    -1.893733    .1080497
                                             |
                             mis_competition |   1.042978   .5099853     2.05   0.041     .0416714    2.044285
                                AKM_coverage |   4.428655   5.861852     0.76   0.450    -7.080522    15.93783
                                             |
               c.AKM_coverage#c.AKM_coverage |  -4.258919   9.029427    -0.47   0.637    -21.98732    13.46948
                                             |
c.AKM_coverage#c.AKM_coverage#c.AKM_coverage |   2.060316   4.481785     0.46   0.646    -6.739233    10.85987
                                             |
                                       _cons |  -2.750685   1.318853    -2.09   0.037    -5.340124   -.1612449
--------------------------------------------------------------------------------------------------------------

. eststo m3: areg zpe_mngr ${talent}  zops  lemp          ${noise}, cluster(cnpj) ab(sic2)

Linear regression, absorbing indicators         Number of obs     =        958
Absorbed variable: sic2                         No. of categories =         20
                                                F(   9,    691)   =      24.10
                                                Prob > F          =     0.0000
                                                R-squared         =     0.2970
                                                Adj R-squared     =     0.2758
                                                Root MSE          =     0.8510

                                 (Std. Err. adjusted for 692 clusters in cnpj)
------------------------------------------------------------------------------
             |               Robust
    zpe_mngr |      Coef.   Std. Err.      t    P>|t|     [95% Conf. Interval]
-------------+----------------------------------------------------------------
    ztalent1 |   .0820292   .0354857     2.31   0.021     .0123565    .1517018
    ztalent2 |   .0458535   .0321957     1.42   0.155    -.0173597    .1090666
    ztalent3 |  -.0811398   .0335265    -2.42   0.016    -.1469658   -.0153137
    ztalent4 |   -.021297   .0340496    -0.63   0.532    -.0881502    .0455561
    ztalent5 |   .0544193   .0392622     1.39   0.166    -.0226682    .1315069
    ztalent6 |  -.0560896   .0297078    -1.89   0.059     -.114418    .0022389
        zops |   .0835716   .0344079     2.43   0.015     .0160151    .1511282
        lemp |   .1721629   .0345521     4.98   0.000     .1043233    .2400026
             |
        year |
       2013  |   -.510351   .0465458   -10.96   0.000    -.6017391   -.4189628
             |
       _cons |  -.7549468   .2097862    -3.60   0.000    -1.166842   -.3430519
------------------------------------------------------------------------------

. eststo m4: areg zpe_mngr ${talent}  zops  lemp ${ctrl_jole}, cluster(cnpj) ab(sic2)

Linear regression, absorbing indicators         Number of obs     =        958
Absorbed variable: sic2                         No. of categories =         20
                                                F(  26,    691)   =      18.86
                                                Prob > F          =     0.0000
                                                R-squared         =     0.4039
                                                Adj R-squared     =     0.3745
                                                Root MSE          =     0.7908

                                                                 (Std. Err. adjusted for 692 clusters in cnpj)
--------------------------------------------------------------------------------------------------------------
                                             |               Robust
                                    zpe_mngr |      Coef.   Std. Err.      t    P>|t|     [95% Conf. Interval]
---------------------------------------------+----------------------------------------------------------------
                                    ztalent1 |    .068051   .0341572     1.99   0.047     .0009866    .1351154
                                    ztalent2 |   .0433739   .0308562     1.41   0.160    -.0172093     .103957
                                    ztalent3 |  -.0844601   .0298047    -2.83   0.005    -.1429787   -.0259415
                                    ztalent4 |   .0051082   .0306256     0.17   0.868    -.0550223    .0652387
                                    ztalent5 |   .0245233   .0360794     0.68   0.497    -.0463151    .0953617
                                    ztalent6 |  -.0425757   .0275243    -1.55   0.122    -.0966169    .0114655
                                        zops |   .0661035   .0322329     2.05   0.041     .0028173    .1293896
                                        lemp |   .1456051    .031613     4.61   0.000     .0835361    .2076741
                                             |
                                      region |
                                          2  |   .1559284   .1812294     0.86   0.390    -.1998979    .5117547
                                          3  |    .414537   .1590671     2.61   0.009     .1022241    .7268499
                                          4  |   .5020017   .1634471     3.07   0.002     .1810892    .8229142
                                          5  |    .164735   .1965441     0.84   0.402    -.2211602    .5506302
                                             |
                                        year |
                                       2013  |  -.1416195    .090613    -1.56   0.119    -.3195293    .0362903
                                             |
                                     own_cat |
                                          2  |  -.0310891   .0642318    -0.48   0.629     -.157202    .0950237
                                          3  |   .0851781   .2277957     0.37   0.709    -.3620767    .5324329
                                          4  |   .2083345   .0783323     2.66   0.008     .0545366    .3621324
                                          5  |   .2658672     .12825     2.07   0.039     .0140607    .5176737
                                          6  |   1.607157   .2659221     6.04   0.000     1.085045    2.129269
                                             |
                                    lfirmage |   .1459514   .0441507     3.31   0.001     .0592658    .2326371
                                female_share |  -.0034255   .0017251    -1.99   0.047    -.0068126   -.0000385
                                             |
                                  compet_cat |
                                          2  |  -.8829519   .5081646    -1.74   0.083    -1.880684    .1147799
                                          3  |  -.9717114   .5058325    -1.92   0.055    -1.964864    .0214415
                                             |
                             mis_competition |   .9708841   .5547644     1.75   0.081    -.1183419     2.06011
                                AKM_coverage |   4.597849   5.626486     0.82   0.414    -6.449211    15.64491
                                             |
               c.AKM_coverage#c.AKM_coverage |  -4.604812   8.749007    -0.53   0.599    -21.78264    12.57302
                                             |
c.AKM_coverage#c.AKM_coverage#c.AKM_coverage |   2.262672   4.372176     0.52   0.605    -6.321672    10.84702
                                             |
                                       _cons |  -2.588931   1.263303    -2.05   0.041    -5.069305   -.1085582
--------------------------------------------------------------------------------------------------------------

. eststo m5: areg zpe_mngr ${ops}  zpeople  lemp ${ctrl_jole}, cluster(cnpj) ab(sic2)

Linear regression, absorbing indicators         Number of obs     =        957
Absorbed variable: sic2                         No. of categories =         20
                                                F(  32,    691)   =      15.98
                                                Prob > F          =     0.0000
                                                R-squared         =     0.4159
                                                Adj R-squared     =     0.3830
                                                Root MSE          =     0.7856

                                                                 (Std. Err. adjusted for 692 clusters in cnpj)
--------------------------------------------------------------------------------------------------------------
                                             |               Robust
                                    zpe_mngr |      Coef.   Std. Err.      t    P>|t|     [95% Conf. Interval]
---------------------------------------------+----------------------------------------------------------------
                                       lean1 |   .2172401   .0489519     4.44   0.000     .1211279    .3133524
                                       lean2 |  -.1389979   .0381971    -3.64   0.000    -.2139942   -.0640017
                                       perf1 |  -.0161378    .041632    -0.39   0.698    -.0978783    .0656026
                                       perf2 |   .0698361   .0466181     1.50   0.135    -.0216941    .1613663
                                       perf3 |  -.0114231   .0395791    -0.29   0.773    -.0891329    .0662867
                                       perf4 |   .0374331   .0424338     0.88   0.378    -.0458816    .1207479
                                       perf5 |   .0242243   .0398845     0.61   0.544    -.0540851    .1025337
                                       perf6 |  -.0130507   .0351223    -0.37   0.710      -.08201    .0559086
                                       perf7 |   .0038726   .0362343     0.11   0.915      -.06727    .0750152
                                       perf8 |    .015144   .0289938     0.52   0.602    -.0417825    .0720706
                                       perf9 |   .0631597   .0361089     1.75   0.081    -.0077366    .1340559
                                      perf10 |  -.0780442   .0346024    -2.26   0.024    -.1459827   -.0101057
                                     zpeople |  -.0383518   .0384993    -1.00   0.320    -.1139416    .0372379
                                        lemp |   .1239589   .0309751     4.00   0.000     .0631423    .1847754
                                             |
                                      region |
                                          2  |   .2078281    .174899     1.19   0.235    -.1355691    .5512253
                                          3  |   .4024234   .1526824     2.64   0.009     .1026462    .7022005
                                          4  |   .5178083   .1559545     3.32   0.001     .2116068    .8240099
                                          5  |   .2019937   .1908195     1.06   0.290    -.1726619    .5766492
                                             |
                                        year |
                                       2013  |  -.1666264   .0937152    -1.78   0.076    -.3506271    .0173742
                                             |
                                     own_cat |
                                          2  |   -.020669    .063965    -0.32   0.747    -.1462581    .1049201
                                          3  |    .066016   .2250809     0.29   0.769    -.3759084    .5079405
                                          4  |   .2109103    .076728     2.75   0.006     .0602623    .3615584
                                          5  |   .2786459   .1325811     2.10   0.036     .0183357    .5389561
                                          6  |   1.599628   .2309375     6.93   0.000     1.146205    2.053052
                                             |
                                    lfirmage |   .1475416   .0438292     3.37   0.001     .0614872    .2335961
                                female_share |  -.0033651   .0017323    -1.94   0.052    -.0067664    .0000361
                                             |
                                  compet_cat |
                                          2  |  -.8634827   .5172618    -1.67   0.096    -1.879076    .1521107
                                          3  |  -.9691552    .515289    -1.88   0.060    -1.980875    .0425648
                                             |
                             mis_competition |   .9104438   .5861876     1.55   0.121    -.2404787    2.061366
                                AKM_coverage |   4.114041   5.784756     0.71   0.477    -7.243765    15.47185
                                             |
               c.AKM_coverage#c.AKM_coverage |  -4.263392    8.92411    -0.48   0.633    -21.78502    13.25823
                                             |
c.AKM_coverage#c.AKM_coverage#c.AKM_coverage |   2.230753   4.442297     0.50   0.616    -6.491266    10.95277
                                             |
                                       _cons |  -2.799402   1.295668    -2.16   0.031     -5.34332   -.2554849
--------------------------------------------------------------------------------------------------------------

. *eststo m6: areg zpe_mngr f1 f2 lemp ${ctrl_f}  ${noise}, cluster(cnpj) ab(sic2)
. 
. eststo p1: areg zakm_pe zpeople          zops lemp                      ${noise}, cluster(cnpj) ab(sic2)

Linear regression, absorbing indicators         Number of obs     =        958
Absorbed variable: sic2                         No. of categories =         20
                                                F(   4,    691)   =      11.11
                                                Prob > F          =     0.0000
                                                R-squared         =     0.2008
                                                Adj R-squared     =     0.1812
                                                Root MSE          =     0.9055

                                 (Std. Err. adjusted for 692 clusters in cnpj)
------------------------------------------------------------------------------
             |               Robust
     zakm_pe |      Coef.   Std. Err.      t    P>|t|     [95% Conf. Interval]
-------------+----------------------------------------------------------------
     zpeople |   .0800086   .0387059     2.07   0.039     .0040134    .1560039
        zops |    .098192   .0387018     2.54   0.011     .0222047    .1741793
        lemp |    .108736   .0432076     2.52   0.012      .023902      .19357
             |
        year |
       2013  |  -.1697395     .04356    -3.90   0.000    -.2552653   -.0842138
             |
       _cons |  -.5515621     .24392    -2.26   0.024    -1.030475   -.0726487
------------------------------------------------------------------------------

. eststo p2: areg zakm_pe zpeople          zops lemp ${ctrl_jole}, cluster(cnpj) ab(sic2)

Linear regression, absorbing indicators         Number of obs     =        958
Absorbed variable: sic2                         No. of categories =         20
                                                F(  21,    691)   =      23.01
                                                Prob > F          =     0.0000
                                                R-squared         =     0.4047
                                                Adj R-squared     =     0.3787
                                                Root MSE          =     0.7888

                                                                 (Std. Err. adjusted for 692 clusters in cnpj)
--------------------------------------------------------------------------------------------------------------
                                             |               Robust
                                     zakm_pe |      Coef.   Std. Err.      t    P>|t|     [95% Conf. Interval]
---------------------------------------------+----------------------------------------------------------------
                                     zpeople |   .0783624    .034142     2.30   0.022     .0113279    .1453968
                                        zops |   .0503174   .0350697     1.43   0.152    -.0185386    .1191734
                                        lemp |   .0944509   .0362124     2.61   0.009     .0233514    .1655503
                                             |
                                      region |
                                          2  |   .2917324   .1511442     1.93   0.054    -.0050246    .5884894
                                          3  |   .7188089   .1244637     5.78   0.000     .4744365    .9631814
                                          4  |   .7796786    .124738     6.25   0.000     .5347677    1.024589
                                          5  |   .4104571   .1583657     2.59   0.010     .0995214    .7213927
                                             |
                                        year |
                                       2013  |   .4512488   .0861655     5.24   0.000     .2820712    .6204264
                                             |
                                     own_cat |
                                          2  |  -.0170646   .0619661    -0.28   0.783    -.1387289    .1045998
                                          3  |  -.0688397   .1485723    -0.46   0.643    -.3605471    .2228677
                                          4  |   .2079325   .0831528     2.50   0.013     .0446701     .371195
                                          5  |   .3897492   .1677073     2.32   0.020     .0604721    .7190263
                                          6  |   1.606985   .1831422     8.77   0.000     1.247403    1.966567
                                             |
                                    lfirmage |   .1653514   .0474557     3.48   0.001     .0721768     .258526
                                female_share |  -.0037214    .002239    -1.66   0.097    -.0081175    .0006747
                                             |
                                  compet_cat |
                                          2  |   .1048027   .2440423     0.43   0.668    -.3743506     .583956
                                          3  |   .0707069   .2408648     0.29   0.769    -.4022078    .5436216
                                             |
                             mis_competition |   .7247654   .3394027     2.14   0.033     .0583811     1.39115
                                AKM_coverage |   1.277948   5.167487     0.25   0.805    -8.867911    11.42381
                                             |
               c.AKM_coverage#c.AKM_coverage |  -4.401263   8.107301    -0.54   0.587    -20.31916    11.51664
                                             |
c.AKM_coverage#c.AKM_coverage#c.AKM_coverage |   4.714206   4.172294     1.13   0.259    -3.477689     12.9061
                                             |
                                       _cons |  -2.796262   1.156516    -2.42   0.016    -5.066969   -.5255547
--------------------------------------------------------------------------------------------------------------

. eststo p3: areg zakm_pe ${talent}        zops lemp                      ${noise}, cluster(cnpj) ab(sic2)

Linear regression, absorbing indicators         Number of obs     =        958
Absorbed variable: sic2                         No. of categories =         20
                                                F(   9,    691)   =       5.93
                                                Prob > F          =     0.0000
                                                R-squared         =     0.2112
                                                Adj R-squared     =     0.1874
                                                Root MSE          =     0.9021

                                 (Std. Err. adjusted for 692 clusters in cnpj)
------------------------------------------------------------------------------
             |               Robust
     zakm_pe |      Coef.   Std. Err.      t    P>|t|     [95% Conf. Interval]
-------------+----------------------------------------------------------------
    ztalent1 |    .071439   .0367194     1.95   0.052    -.0006559    .1435339
    ztalent2 |   .0610464   .0312568     1.95   0.051    -.0003232    .1224161
    ztalent3 |  -.0527649   .0353492    -1.49   0.136    -.1221697    .0166399
    ztalent4 |   .0010115   .0385362     0.03   0.979    -.0746506    .0766736
    ztalent5 |   .0674699   .0431863     1.56   0.119    -.0173221    .1522619
    ztalent6 |   -.029029   .0339347    -0.86   0.393    -.0956565    .0375985
        zops |    .079046   .0402817     1.96   0.050    -.0000432    .1581353
        lemp |     .09284   .0431218     2.15   0.032     .0081745    .1775055
             |
        year |
       2013  |  -.1897812   .0452806    -4.19   0.000    -.2786853    -.100877
             |
       _cons |  -.4486151   .2459699    -1.82   0.069    -.9315531    .0343229
------------------------------------------------------------------------------

. eststo p4: areg zakm_pe ${talent}    zops lemp ${ctrl_jole}, cluster(cnpj) ab(sic2)

Linear regression, absorbing indicators         Number of obs     =        958
Absorbed variable: sic2                         No. of categories =         20
                                                F(  26,    691)   =      21.69
                                                Prob > F          =     0.0000
                                                R-squared         =     0.4132
                                                Adj R-squared     =     0.3843
                                                Root MSE          =     0.7852

                                                                 (Std. Err. adjusted for 692 clusters in cnpj)
--------------------------------------------------------------------------------------------------------------
                                             |               Robust
                                     zakm_pe |      Coef.   Std. Err.      t    P>|t|     [95% Conf. Interval]
---------------------------------------------+----------------------------------------------------------------
                                    ztalent1 |   .0492069   .0333101     1.48   0.140    -.0161941     .114608
                                    ztalent2 |   .0766503   .0272224     2.82   0.005     .0232018    .1300989
                                    ztalent3 |  -.0550243   .0303857    -1.81   0.071    -.1146838    .0046351
                                    ztalent4 |   .0333093   .0332773     1.00   0.317    -.0320276    .0986461
                                    ztalent5 |   .0295042   .0360782     0.82   0.414    -.0413318    .1003402
                                    ztalent6 |  -.0170238   .0297711    -0.57   0.568    -.0754765    .0414288
                                        zops |   .0365671   .0362785     1.01   0.314    -.0346622    .1077965
                                        lemp |   .0833908   .0359642     2.32   0.021     .0127787    .1540029
                                             |
                                      region |
                                          2  |   .2758499   .1511691     1.82   0.068     -.020956    .5726559
                                          3  |   .7245265   .1266546     5.72   0.000     .4758525    .9732004
                                          4  |   .7656747   .1267177     6.04   0.000     .5168767    1.014473
                                          5  |   .4036353   .1572804     2.57   0.010     .0948305    .7124402
                                             |
                                        year |
                                       2013  |   .4365831   .0851575     5.13   0.000     .2693845    .6037817
                                             |
                                     own_cat |
                                          2  |   -.010877   .0629171    -0.17   0.863    -.1344087    .1126547
                                          3  |    -.04497   .1557946    -0.29   0.773    -.3508575    .2609175
                                          4  |   .1902564   .0837766     2.27   0.023     .0257693    .3547436
                                          5  |   .3788009   .1585151     2.39   0.017     .0675718      .69003
                                          6  |   1.538531   .1732742     8.88   0.000     1.198324    1.878738
                                             |
                                    lfirmage |   .1657273   .0478203     3.47   0.001     .0718368    .2596177
                                female_share |  -.0037753   .0022116    -1.71   0.088    -.0081175    .0005669
                                             |
                                  compet_cat |
                                          2  |    .054033    .228604     0.24   0.813    -.3948087    .5028748
                                          3  |   .0175213   .2247836     0.08   0.938    -.4238194    .4588621
                                             |
                             mis_competition |   .6786628   .3193254     2.13   0.034     .0516984    1.305627
                                AKM_coverage |   1.548087   5.179413     0.30   0.765    -8.621187    11.71736
                                             |
               c.AKM_coverage#c.AKM_coverage |  -4.887669   8.127774    -0.60   0.548    -20.84576    11.07043
                                             |
c.AKM_coverage#c.AKM_coverage#c.AKM_coverage |    4.98774   4.180589     1.19   0.233    -3.220441    13.19592
                                             |
                                       _cons |  -2.713921   1.168433    -2.32   0.020    -5.008026   -.4198155
--------------------------------------------------------------------------------------------------------------

. 
. 
. 
. matrix Au = J(3,4,.)

. matrix rownames Au = b ll95 ul95

. matrix colnames Au = "People - MANAGERS" "People - WORKERS" "Operations - MANAGERS"  "Operations - WORKERS" 

. 
. * managers
. local sig=1.64

. areg zpe_mngr zpeople zops lemp ${ctrl_jole}, cluster(cnpj) ab(sic2)

Linear regression, absorbing indicators         Number of obs     =        958
Absorbed variable: sic2                         No. of categories =         20
                                                F(  21,    691)   =      20.77
                                                Prob > F          =     0.0000
                                                R-squared         =     0.3922
                                                Adj R-squared     =     0.3657
                                                Root MSE          =     0.7964

                                                                 (Std. Err. adjusted for 692 clusters in cnpj)
--------------------------------------------------------------------------------------------------------------
                                             |               Robust
                                    zpe_mngr |      Coef.   Std. Err.      t    P>|t|     [95% Conf. Interval]
---------------------------------------------+----------------------------------------------------------------
                                     zpeople |   .0109611   .0319607     0.34   0.732    -.0517906    .0737128
                                        zops |   .0826413   .0320124     2.58   0.010      .019788    .1454946
                                        lemp |   .1595528   .0312504     5.11   0.000     .0981958    .2209099
                                             |
                                      region |
                                          2  |   .1644972   .1780859     0.92   0.356    -.1851571    .5141515
                                          3  |   .4044001    .155026     2.61   0.009     .1000215    .7087787
                                          4  |   .5142728   .1584761     3.25   0.001     .2031203    .8254253
                                          5  |   .1657029    .195113     0.85   0.396    -.2173825    .5487883
                                             |
                                        year |
                                       2013  |  -.1177527   .0920131    -1.28   0.201    -.2984114     .062906
                                             |
                                     own_cat |
                                          2  |  -.0333087   .0643516    -0.52   0.605    -.1596569    .0930396
                                          3  |   .0571338   .2244972     0.25   0.799    -.3836446    .4979123
                                          4  |   .2294548   .0775928     2.96   0.003      .077109    .3818007
                                          5  |   .2834203   .1326501     2.14   0.033     .0229746     .543866
                                          6  |   1.702966   .3048796     5.59   0.000     1.104365    2.301568
                                             |
                                    lfirmage |   .1476699   .0439257     3.36   0.001     .0614261    .2339137
                                female_share |  -.0033815   .0017478    -1.93   0.053    -.0068131    .0000501
                                             |
                                  compet_cat |
                                          2  |  -.8111392   .5116682    -1.59   0.113     -1.81575    .1934715
                                          3  |  -.8928419   .5097739    -1.75   0.080    -1.893733    .1080497
                                             |
                             mis_competition |   1.042978   .5099853     2.05   0.041     .0416714    2.044285
                                AKM_coverage |   4.428655   5.861852     0.76   0.450    -7.080522    15.93783
                                             |
               c.AKM_coverage#c.AKM_coverage |  -4.258919   9.029427    -0.47   0.637    -21.98732    13.46948
                                             |
c.AKM_coverage#c.AKM_coverage#c.AKM_coverage |   2.060316   4.481785     0.46   0.646    -6.739233    10.85987
                                             |
                                       _cons |  -2.750685   1.318853    -2.09   0.037    -5.340124   -.1612449
--------------------------------------------------------------------------------------------------------------

. matrix Au[1,1] = _b[zpeople] \ _b[zpeople]-(`sig'*_se[zpeople]) \ _b[zpeople]+(`sig'*_se[zpeople])

. matrix Au[1,3] = _b[zops] \ _b[zops]-(`sig'*_se[zops]) \ _b[zops]+(`sig'*_se[zops])

. 
. * laborers
. areg zpe_lab zpeople zops lemp ${ctrl_jole}, cluster(cnpj) ab(sic2)

Linear regression, absorbing indicators         Number of obs     =        958
Absorbed variable: sic2                         No. of categories =         20
                                                F(  21,    691)   =      17.79
                                                Prob > F          =     0.0000
                                                R-squared         =     0.3937
                                                Adj R-squared     =     0.3673
                                                Root MSE          =     0.7964

                                                                 (Std. Err. adjusted for 692 clusters in cnpj)
--------------------------------------------------------------------------------------------------------------
                                             |               Robust
                                     zpe_lab |      Coef.   Std. Err.      t    P>|t|     [95% Conf. Interval]
---------------------------------------------+----------------------------------------------------------------
                                     zpeople |    .074117   .0347693     2.13   0.033     .0058508    .1423831
                                        zops |   .0472133   .0359835     1.31   0.190    -.0234367    .1178634
                                        lemp |   .0788535   .0358337     2.20   0.028     .0084976    .1492095
                                             |
                                      region |
                                          2  |   .2736297   .1540168     1.78   0.076    -.0287674    .5760268
                                          3  |   .7469976    .124819     5.98   0.000     .5019277    .9920675
                                          4  |   .8111352   .1253578     6.47   0.000     .5650073    1.057263
                                          5  |   .4274628   .1567169     2.73   0.007     .1197643    .7351612
                                             |
                                        year |
                                       2013  |   .4564389   .0878069     5.20   0.000     .2840386    .6288392
                                             |
                                     own_cat |
                                          2  |   .0041086   .0641848     0.06   0.949    -.1219121    .1301292
                                          3  |  -.0125021   .1557061    -0.08   0.936     -.318216    .2932118
                                          4  |   .1643658   .0830271     1.98   0.048     .0013502    .3273813
                                          5  |   .4055442   .1763745     2.30   0.022     .0592499    .7518385
                                          6  |   .8639956   .6661456     1.30   0.195    -.4439166    2.171908
                                             |
                                    lfirmage |   .1752948   .0485912     3.61   0.000     .0798907    .2706989
                                female_share |  -.0045251   .0025075    -1.80   0.072    -.0094484    .0003981
                                             |
                                  compet_cat |
                                          2  |   .0745469   .2822616     0.26   0.792    -.4796464    .6287403
                                          3  |   .0773529   .2809138     0.28   0.783    -.4741941    .6288998
                                             |
                             mis_competition |   .3965276   .1855936     2.14   0.033     .0321326    .7609227
                                AKM_coverage |   2.899477   5.455799     0.53   0.595    -7.812455    13.61141
                                             |
               c.AKM_coverage#c.AKM_coverage |  -7.398621   8.435366    -0.88   0.381    -23.96064    9.163401
                                             |
c.AKM_coverage#c.AKM_coverage#c.AKM_coverage |   6.420094    4.32244     1.49   0.138    -2.066598    14.90679
                                             |
                                       _cons |   -3.00448   1.260476    -2.38   0.017    -5.479303   -.5296578
--------------------------------------------------------------------------------------------------------------

. matrix Au[1,2] = _b[zpeople] \ _b[zpeople]-(`sig'*_se[zpeople]) \ _b[zpeople]+(`sig'*_se[zpeople])

. matrix Au[1,4] = _b[zops] \ _b[zops]-(`sig'*_se[zops]) \ _b[zops]+(`sig'*_se[zops])

. 
. matrix list Au

Au[3,4]
      People - M~S  People - W~S  Operations~S  Operations~S
   b     .01096108     .07411695      .0826413     .04721332
ll95    -.04145442     .01709528     .03014092    -.01179958
ul95     .06337658     .13113863     .13514168     .10622622

. 
. coefplot (matrix(Au)), ///
>                 ci((2 3)) ///
>                 xline(0, lcolor(maroon) lwidth(medthick)) ///
>         graphregion(${gregion}) plotregion(${pregion}) ///
>         xscale(range(-.3 .3)) xlabel(-.2(.2).2) ///
>         b1title("Structured management: coefficient and SE")    ///
>         legend(off) ///
>         grid(between glcolor(gs5) tstyle(none) ) ///
>         title("Outcome: standardized person effect", span margin(0 0 5 0)) ///
>         name(private_lac, replace) ///
>         note("Note: Includes firm-level controls. Data from RAIS 2008-2013 and WMS 2008, 2013." ///
>         , span)

.         
. 
. esttab p1 p2 m1 m2 l1 l2

------------------------------------------------------------------------------------------------------------
                      (1)             (2)             (3)             (4)             (5)             (6)   
                  zakm_pe         zakm_pe        zpe_mngr        zpe_mngr         zpe_lab         zpe_lab   
------------------------------------------------------------------------------------------------------------
zpeople            0.0800*         0.0784*         0.0164          0.0110          0.0712          0.0741*  
                   (2.07)          (2.30)          (0.48)          (0.34)          (1.81)          (2.13)   

zops               0.0982*         0.0503           0.106**        0.0826*         0.0970*         0.0472   
                   (2.54)          (1.43)          (3.12)          (2.58)          (2.41)          (1.31)   

lemp                0.109*         0.0945**         0.191***        0.160***       0.0857*         0.0789*  
                   (2.52)          (2.61)          (5.66)          (5.11)          (2.01)          (2.20)   

2008.year               0               0               0               0               0               0   
                      (.)             (.)             (.)             (.)             (.)             (.)   

2013.year          -0.170***        0.451***       -0.483***       -0.118          -0.184***        0.456***
                  (-3.90)          (5.24)        (-10.60)         (-1.28)         (-4.21)          (5.20)   

1.region                                0                               0                               0   
                                      (.)                             (.)                             (.)   

2.region                            0.292                           0.164                           0.274   
                                   (1.93)                          (0.92)                          (1.78)   

3.region                            0.719***                        0.404**                         0.747***
                                   (5.78)                          (2.61)                          (5.98)   

4.region                            0.780***                        0.514**                         0.811***
                                   (6.25)                          (3.25)                          (6.47)   

5.region                            0.410**                         0.166                           0.427** 
                                   (2.59)                          (0.85)                          (2.73)   

1.own_cat                               0                               0                               0   
                                      (.)                             (.)                             (.)   

2.own_cat                         -0.0171                         -0.0333                         0.00411   
                                  (-0.28)                         (-0.52)                          (0.06)   

3.own_cat                         -0.0688                          0.0571                         -0.0125   
                                  (-0.46)                          (0.25)                         (-0.08)   

4.own_cat                           0.208*                          0.229**                         0.164*  
                                   (2.50)                          (2.96)                          (1.98)   

5.own_cat                           0.390*                          0.283*                          0.406*  
                                   (2.32)                          (2.14)                          (2.30)   

6.own_cat                           1.607***                        1.703***                        0.864   
                                   (8.77)                          (5.59)                          (1.30)   

lfirmage                            0.165***                        0.148***                        0.175***
                                   (3.48)                          (3.36)                          (3.61)   

female_share                     -0.00372                        -0.00338                        -0.00453   
                                  (-1.66)                         (-1.93)                         (-1.80)   

1.compet_cat                            0                               0                               0   
                                      (.)                             (.)                             (.)   

2.compet_cat                        0.105                          -0.811                          0.0745   
                                   (0.43)                         (-1.59)                          (0.26)   

3.compet_cat                       0.0707                          -0.893                          0.0774   
                                   (0.29)                         (-1.75)                          (0.28)   

mis_compet~n                        0.725*                          1.043*                          0.397*  
                                   (2.14)                          (2.05)                          (2.14)   

AKM_coverage                        1.278                           4.429                           2.899   
                                   (0.25)                          (0.76)                          (0.53)   

c.AKM_cove~e                       -4.401                          -4.259                          -7.399   
                                  (-0.54)                         (-0.47)                         (-0.88)   

c.AKM_cove~K                        4.714                           2.060                           6.420   
                                   (1.13)                          (0.46)                          (1.49)   

_cons              -0.552*         -2.796*         -0.879***       -2.751*         -0.409          -3.004*  
                  (-2.26)         (-2.42)         (-4.32)         (-2.09)         (-1.70)         (-2.38)   
------------------------------------------------------------------------------------------------------------
N                     958             958             958             958             958             958   
------------------------------------------------------------------------------------------------------------
t statistics in parentheses
* p<0.05, ** p<0.01, *** p<0.001

. 
. esttab p3 p4 m3 m4 l3 l4

------------------------------------------------------------------------------------------------------------
                      (1)             (2)             (3)             (4)             (5)             (6)   
                  zakm_pe         zakm_pe        zpe_mngr        zpe_mngr         zpe_lab         zpe_lab   
------------------------------------------------------------------------------------------------------------
ztalent1           0.0714          0.0492          0.0820*         0.0681*         0.0579          0.0390   
                   (1.95)          (1.48)          (2.31)          (1.99)          (1.56)          (1.15)   

ztalent2           0.0610          0.0767**        0.0459          0.0434          0.0388          0.0619*  
                   (1.95)          (2.82)          (1.42)          (1.41)          (1.27)          (2.37)   

ztalent3          -0.0528         -0.0550         -0.0811*        -0.0845**       -0.0593         -0.0616   
                  (-1.49)         (-1.81)         (-2.42)         (-2.83)         (-1.58)         (-1.89)   

ztalent4          0.00101          0.0333         -0.0213         0.00511         0.00828          0.0409   
                   (0.03)          (1.00)         (-0.63)          (0.17)          (0.21)          (1.16)   

ztalent5           0.0675          0.0295          0.0544          0.0245          0.0759          0.0365   
                   (1.56)          (0.82)          (1.39)          (0.68)          (1.73)          (0.99)   

ztalent6          -0.0290         -0.0170         -0.0561         -0.0426         -0.0188        -0.00941   
                  (-0.86)         (-0.57)         (-1.89)         (-1.55)         (-0.53)         (-0.30)   

zops               0.0790          0.0366          0.0836*         0.0661*         0.0801          0.0348   
                   (1.96)          (1.01)          (2.43)          (2.05)          (1.89)          (0.92)   

lemp               0.0928*         0.0834*          0.172***        0.146***       0.0717          0.0686   
                   (2.15)          (2.32)          (4.98)          (4.61)          (1.69)          (1.93)   

2008.year               0               0               0               0               0               0   
                      (.)             (.)             (.)             (.)             (.)             (.)   

2013.year          -0.190***        0.437***       -0.510***       -0.142          -0.198***        0.446***
                  (-4.19)          (5.13)        (-10.96)         (-1.56)         (-4.31)          (5.13)   

1.region                                0                               0                               0   
                                      (.)                             (.)                             (.)   

2.region                            0.276                           0.156                           0.268   
                                   (1.82)                          (0.86)                          (1.73)   

3.region                            0.725***                        0.415**                         0.756***
                                   (5.72)                          (2.61)                          (5.92)   

4.region                            0.766***                        0.502**                         0.798***
                                   (6.04)                          (3.07)                          (6.24)   

5.region                            0.404*                          0.165                           0.425** 
                                   (2.57)                          (0.84)                          (2.70)   

1.own_cat                               0                               0                               0   
                                      (.)                             (.)                             (.)   

2.own_cat                         -0.0109                         -0.0311                         0.00926   
                                  (-0.17)                         (-0.48)                          (0.14)   

3.own_cat                         -0.0450                          0.0852                          0.0152   
                                  (-0.29)                          (0.37)                          (0.09)   

4.own_cat                           0.190*                          0.208**                         0.149   
                                   (2.27)                          (2.66)                          (1.78)   

5.own_cat                           0.379*                          0.266*                          0.395*  
                                   (2.39)                          (2.07)                          (2.36)   

6.own_cat                           1.539***                        1.607***                        0.804   
                                   (8.88)                          (6.04)                          (1.30)   

lfirmage                            0.166***                        0.146***                        0.176***
                                   (3.47)                          (3.31)                          (3.59)   

female_share                     -0.00378                        -0.00343*                       -0.00452   
                                  (-1.71)                         (-1.99)                         (-1.82)   

1.compet_cat                            0                               0                               0   
                                      (.)                             (.)                             (.)   

2.compet_cat                       0.0540                          -0.883                          0.0274   
                                   (0.24)                         (-1.74)                          (0.10)   

3.compet_cat                       0.0175                          -0.972                          0.0257   
                                   (0.08)                         (-1.92)                          (0.10)   

mis_compet~n                        0.679*                          0.971                           0.370   
                                   (2.13)                          (1.75)                          (1.89)   

AKM_coverage                        1.548                           4.598                           3.186   
                                   (0.30)                          (0.82)                          (0.57)   

c.AKM_cove~e                       -4.888                          -4.605                          -7.874   
                                  (-0.60)                         (-0.53)                         (-0.91)   

c.AKM_cove~K                        4.988                           2.263                           6.674   
                                   (1.19)                          (0.52)                          (1.51)   

_cons              -0.449          -2.714*         -0.755***       -2.589*         -0.320          -2.948*  
                  (-1.82)         (-2.32)         (-3.60)         (-2.05)         (-1.32)         (-2.25)   
------------------------------------------------------------------------------------------------------------
N                     958             958             958             958             958             958   
------------------------------------------------------------------------------------------------------------
t statistics in parentheses
* p<0.05, ** p<0.01, *** p<0.001

. 
. 
. esttab  p1 p2 m1 m2 l1 l2 using ${tabpath}/CSS_quality_correlates_panelA.tex, ///
>         booktabs label replace ///
>         keep( zops zpeople ) ///        
>         order( zops zpeople) ///
>         compress collabels(none) nodepvars nogap ///
>         cells(b(star fmt(3)) se(par fmt(3))) ///
>         starlevels( * 0.10 ** 0.05 *** 0.01) ///
>         stats(N N_clust r2, fmt(0 0 3 3) ///
>         layout("\multicolumn{1}{c}{@}") ///
>         labels(`"\# Observations"' `"\# Firms"' `"\(R^{2}\)"'))         ///
>         indicate("Controls = female_share" , labels("\cmark" "")) ///
>         mtitle( ///
>         "\textcolor{black}{z-pe FE}" ///
>         "\textcolor{black}{z-pe FE}" ///
>         "\textcolor{black}{z-pe mgr FE}" ///
>         "\textcolor{black}{z-pe mgr FE}" ///
>         "\textcolor{black}{z-pe labr FE}" ///
>         "\textcolor{black}{z-pe labr FE}" ///
>         "\textcolor{black}{z-pe FE}" ///
>         "\textcolor{black}{z-pe FE}" ///
>         "\textcolor{black}{z-pe mgr FE}" ///
>         "\textcolor{black}{z-pe mgr FE}" ///
>         "\textcolor{black}{z-pe labr FE}" ///
>         "\textcolor{black}{z-pe labr FE}" ///
>         )
(note: file ../output/tables/CSS_quality_correlates_panelA.tex not found)
(output written to ../output/tables/CSS_quality_correlates_panelA.tex)

.         
. 
. esttab  p3 p4 m3 m4 l3 l4 using ${tabpath}/CSS_quality_correlates_panelB.tex, ///
>         booktabs label replace ///
>         keep( ztalent1 ztalent2 ztalent3 ztalent4 ztalent5 ztalent6 ) ///       
>         order( ztalent1 ztalent2 ztalent3 ztalent4 ztalent5 ztalent6 ) ///
>         compress collabels(none) nodepvars nogap ///
>         cells(b(star fmt(3)) se(par fmt(3))) ///
>         starlevels( * 0.10 ** 0.05 *** 0.01) ///
>         stats(N N_clust r2, fmt(0 0 3 3) ///
>         layout("\multicolumn{1}{c}{@}") ///
>         labels(`"\# Observations"' `"\# Firms"' `"\(R^{2}\)"'))         ///
>         indicate("Controls = female_share" , labels("\cmark" "")) ///
>         mtitle( ///
>         "\textcolor{black}{z-pe FE}" ///
>         "\textcolor{black}{z-pe FE}" ///
>         "\textcolor{black}{z-pe mgr FE}" ///
>         "\textcolor{black}{z-pe mgr FE}" ///
>         "\textcolor{black}{z-pe labr FE}" ///
>         "\textcolor{black}{z-pe labr FE}" ///
>         "\textcolor{black}{z-pe FE}" ///
>         "\textcolor{black}{z-pe FE}" ///
>         "\textcolor{black}{z-pe mgr FE}" ///
>         "\textcolor{black}{z-pe mgr FE}" ///
>         "\textcolor{black}{z-pe labr FE}" ///
>         "\textcolor{black}{z-pe labr FE}" ///
>         )       
(note: file ../output/tables/CSS_quality_correlates_panelB.tex not found)
(output written to ../output/tables/CSS_quality_correlates_panelB.tex)

. 
.         
. //mgroups("\textbf{Reduced form results}", pattern(1 0 0 0 ) prefix(\multicolumn{@span}{c}{) suffix(}) span) ///      
>   
. 
. 
. 
. qui eststo m_ze1: areg zakm_fe  zmanagement                     ,       cluster(cnpj) ab(sic2)  

. qui eststo m_ze2: areg zakm_fe  zmanagement             lemp,   cluster(cnpj) ab(sic2)  

. qui eststo m_ze3: areg zakm_fe  zmanagement             lemp ${ctrl_jole} ,     cluster(cnpj) ab(sic2)  

. 
. qui eststo o_ze1: areg zakm_fe  zops                            ,       cluster(cnpj) ab(sic2)  

. qui eststo o_ze2: areg zakm_fe  zops                    lemp,   cluster(cnpj) ab(sic2)  

. qui eststo o_ze3: areg zakm_fe  zops                    lemp ${ctrl_jole} ,     cluster(cnpj) ab(sic2)  

. 
. qui eststo p_ze1: areg zakm_fe  zpeople                         ,       cluster(cnpj) ab(sic2)  

. qui eststo p_ze2: areg zakm_fe  zpeople                 lemp,   cluster(cnpj) ab(sic2)  

. qui eststo p_ze3: areg zakm_fe  zpeople                 lemp ${ctrl_jole} ,     cluster(cnpj) ab(sic2)  

. 
. qui eststo op_ze1: areg zakm_fe zops zpeople            ,       cluster(cnpj) ab(sic2)  

. qui eststo op_ze2: areg zakm_fe zops zpeople    lemp,   cluster(cnpj) ab(sic2)  

. qui eststo op_ze3: areg zakm_fe zops zpeople    lemp ${ctrl_jole} ,     cluster(cnpj) ab(sic2)  

. 
. esttab m_ze1 m_ze2 m_ze3 o_ze1 o_ze2 o_ze3 p_ze1 p_ze2 p_ze3 op_ze1 op_ze2 op_ze3 using ${tabpath}/CSS_firmeffect_corr
> elates.tex, ///
>         booktabs label replace ///
>         keep(zmanagement zops zpeople lemp ) ///        
>         order(zmanagement zops zpeople lemp ) ///
>         compress collabels(none) nodepvars nogap ///
>         cells(b(star fmt(3)) se(par fmt(3))) ///
>         starlevels( * 0.10 ** 0.05 *** 0.01) ///
>         stats(N N_clust r2 F, fmt(0 0 3 3) ///
>         layout("\multicolumn{1}{c}{@}") ///
>         labels(`"\# Observations"' `"\# Firms"' `"\(R^{2}\)"' `"F-stat"'))      ///
>         indicate("Controls = female_share" , labels("\cmark" "")) ///
>         mtitle( ///
>         "\textcolor{black}{z-firm FE}" ///
>         "\textcolor{black}{z-firm FE}" ///
>         "\textcolor{black}{z-firm FE}" ///
>         "\textcolor{black}{z-firm FE}" ///
>         "\textcolor{black}{z-firm FE}" ///
>         "\textcolor{black}{z-firm FE}" ///
>         "\textcolor{black}{z-firm FE}" ///
>         "\textcolor{black}{z-firm FE}" ///
>         "\textcolor{black}{z-firm FE}" ///
>         "\textcolor{black}{z-firm FE}" ///
>         "\textcolor{black}{z-firm FE}" ///
>         "\textcolor{black}{z-firm FE}" )
(note: file ../output/tables/CSS_firmeffect_correlates.tex not found)
(output written to ../output/tables/CSS_firmeffect_correlates.tex)

. 
. 
. qui eststo p1_zfe1: areg zakm_fe        zpeople                                                 ,       cluster(cnpj) 
> ab(sic2)  

. qui eststo p1_zfe2: areg zakm_fe        zpeople                 lemp  ${ctrl_jole},     cluster(cnpj) ab(sic2)  

. 
. 
.         
. 
. qui eststo p3_zfe1: areg zakm_fe        ztalent1 ztalent2 ztalent3 ztalent4 ztalent5 ztalent6                         
>   ,       cluster(cnpj) ab(sic2)  

. qui eststo p3_zfe2: areg zakm_fe        ztalent1 ztalent2 ztalent3 ztalent4 ztalent5 ztalent6   lemp  ${ctrl_jole},   
>   cluster(cnpj) ab(sic2)  

.         
. 
. la var zpeople "z-people"

. la var ztalent1 "z-talent mindset"

. la var ztalent2 "z-appraisals"

. la var ztalent3 "z-fixing/firing"

. la var ztalent4 "z-promotions"

. la var ztalent5 "z-EVP"

. la var ztalent6 "z-retention"

.         
. esttab p1_zfe1 p1_zfe2  p3_zfe1 p3_zfe2 using ${tabpath}/CSS_firmeffect_people.tex, ///
>         booktabs label replace ///
>         keep(zpeople ztalent1 ztalent2 ztalent3 ztalent4 ztalent5 ztalent6 lemp) ///    
>         order(zpeople ztalent1 ztalent2 ztalent3 ztalent4 ztalent5 ztalent6 lemp) ///
>         compress collabels(none) nodepvars nogap ///
>         cells(b(star fmt(3)) se(par fmt(3))) ///
>         starlevels( * 0.10 ** 0.05 *** 0.01) ///
>         stats(N N_clust r2 F, fmt(0 0 3 3) ///
>         layout("\multicolumn{1}{c}{@}") ///
>         labels(`"\# Observations"' `"\# Firms"' `"\(R^{2}\)"' `"F-stat"'))      ///
>         indicate("Controls = female_share" , labels("\cmark" "")) ///
>         mtitle( ///
>         "\textcolor{black}{z-firm FE}" ///
>         "\textcolor{black}{z-firm FE}" ///
>         "\textcolor{black}{z-firm FE}" ///
>         "\textcolor{black}{z-firm FE}" )
(note: file ../output/tables/CSS_firmeffect_people.tex not found)
(output written to ../output/tables/CSS_firmeffect_people.tex)

.         
. 
.         
. foreach var in zakm_pe zpe_lab zpe_mngr{                
  2. qui eststo p1_zpe1: areg `var'  zpeople                 ,       cluster(cnpj) ab(sic2)  
  3. qui eststo p1_zpe2: areg `var'  zpeople         lemp  ${ctrl_jole} ,    cluster(cnpj) ab(sic2)  
  4. 
. 
. 
. qui eststo p3_zpe1: areg `var'  ztalent1 ztalent2 ztalent3 ztalent4 ztalent5 ztalent6                           ,     
>   cluster(cnpj) ab(sic2)  
  5. qui eststo p3_zpe2: areg `var'  ztalent1 ztalent2 ztalent3 ztalent4 ztalent5 ztalent6                   lemp  ${ctr
> l_jole} ,    cluster(cnpj) ab(sic2)  
  6.         
. esttab p1_zpe1 p1_zpe2  p3_zpe1 p3_zpe2 using ${tabpath}/CSS_`var'_people.tex, ///
>         booktabs label replace ///
>         keep(zpeople ztalent1 ztalent2 ztalent3 ztalent4 ztalent5 ztalent6 ln_emp mne_yn  union) ///    
>         order(zpeople ztalent1 ztalent2 ztalent3 ztalent4 ztalent5 ztalent6 ln_emp mne_yn  union) ///
>         compress collabels(none) nodepvars nogap ///
>         cells(b(star fmt(3)) se(par fmt(3))) ///
>         starlevels( * 0.10 ** 0.05 *** 0.01) ///
>         stats(N N_clust r2 F, fmt(0 0 3 3) ///
>         layout("\multicolumn{1}{c}{@}") ///
>         labels(`"\# Observations"' `"\# Firms"' `"\(R^{2}\)"' `"F-stat"'))      ///
>         indicate("Controls = female_share" , labels("Yes" "No")) ///
>         mtitle( ///
>         "\textcolor{black}{`var' FE}" ///
>         "\textcolor{black}{`var' FE}" ///
>         "\textcolor{black}{`var' FE}" ///
>         "\textcolor{black}{`var' FE}" )
  7. }
(note: file ../output/tables/CSS_zakm_pe_people.tex not found)
(output written to ../output/tables/CSS_zakm_pe_people.tex)
(note: file ../output/tables/CSS_zpe_lab_people.tex not found)
(output written to ../output/tables/CSS_zpe_lab_people.tex)
(note: file ../output/tables/CSS_zpe_mngr_people.tex not found)
(output written to ../output/tables/CSS_zpe_mngr_people.tex)

.         
. 
. 
.                 
. 
. 
. capture log close
